hoge: ok
foo: foo
bar: bar

baz: 1
baz: 2
baz: 1

Did not iterate!
